#-----------------------------------------------------------
# Vivado v2024.1 (64-bit)
# SW Build 5076996 on Wed May 22 18:37:14 MDT 2024
# IP Build 5075265 on Wed May 22 21:45:21 MDT 2024
# SharedData Build 5076995 on Wed May 22 18:29:18 MDT 2024
# Start of session at: Fri Nov 15 01:37:41 2024
# Process ID: 17996
# Current directory: C:/Users/USER/Desktop/Soc_/counter
# Command line: vivado.exe -gui_launcher_event rodinguilauncherevent15924 C:\Users\USER\Desktop\Soc_\counter\counter.xpr
# Log file: C:/Users/USER/Desktop/Soc_/counter/vivado.log
# Journal file: C:/Users/USER/Desktop/Soc_/counter\vivado.jou
# Running On        :guanhau
# Platform          :Windows Server 2016 or Windows 10
# Operating System  :22631
# Processor Detail  :12th Gen Intel(R) Core(TM) i7-12700H
# CPU Frequency     :2688 MHz
# CPU Physical cores:14
# CPU Logical cores :20
# Host memory       :16869 MB
# Swap memory       :12348 MB
# Total Virtual     :29217 MB
# Available Virtual :7155 MB
#-----------------------------------------------------------
start_gui
open_project C:/Users/USER/Desktop/Soc_/counter/counter.xpr
update_compile_order -fileset sources_1
launch_simulation
source Counter_tb.tcl
close_sim
